\BOOKMARK [0][-]{chapter*.2}{\376\377\000L\000E\000M\000B\000A\000R\000\040\000P\000E\000N\000G\000E\000S\000A\000H\000A\000N}{}% 1
\BOOKMARK [0][-]{chapter*.3}{\376\377\000L\000E\000M\000B\000A\000R\000\040\000P\000E\000R\000N\000Y\000A\000T\000A\000A\000N}{}% 2
\BOOKMARK [0][-]{chapter*.4}{\376\377\000A\000B\000S\000T\000R\000A\000K}{}% 3
\BOOKMARK [0][-]{chapter*.5}{\376\377\000K\000A\000T\000A\000\040\000P\000E\000N\000G\000A\000N\000T\000A\000R}{}% 4
\BOOKMARK [0][-]{chapter*.5}{\376\377\000D\000A\000F\000T\000A\000R\000\040\000I\000S\000I}{}% 5
\BOOKMARK [0][-]{chapter*.5}{\376\377\000D\000A\000F\000T\000A\000R\000\040\000G\000A\000M\000B\000A\000R}{}% 6
\BOOKMARK [0][-]{chapter*.5}{\376\377\000D\000A\000F\000T\000A\000R\000\040\000T\000A\000B\000E\000L}{}% 7
\BOOKMARK [0][-]{chapter*.6}{\376\377\000D\000A\000F\000T\000A\000R\000\040\000A\000L\000G\000O\000R\000I\000T\000M\000A}{}% 8
\BOOKMARK [0][-]{chapter*.7}{\376\377\000D\000A\000F\000T\000A\000R\000\040\000K\000O\000D\000E\000\040\000P\000R\000O\000G\000R\000A\000M}{}% 9
\BOOKMARK [0][-]{chapter*.7}{\376\377\000D\000A\000F\000T\000A\000R\000\040\000S\000I\000N\000G\000K\000A\000T\000A\000N}{}% 10
\BOOKMARK [0][-]{table.0.1}{\376\377\000D\000A\000F\000T\000A\000R\000\040\000S\000I\000M\000B\000O\000L}{}% 11
\BOOKMARK [0][-]{chapter.1}{\376\377\000P\000E\000N\000D\000A\000H\000U\000L\000U\000A\000N}{}% 12
\BOOKMARK [1][-]{section.1.1}{\376\377\000L\000a\000t\000a\000r\000\040\000B\000e\000l\000a\000k\000a\000n\000g}{chapter.1}% 13
\BOOKMARK [1][-]{section.1.2}{\376\377\000R\000u\000m\000u\000s\000a\000n\000\040\000M\000a\000s\000a\000l\000a\000h}{chapter.1}% 14
\BOOKMARK [1][-]{section.1.3}{\376\377\000T\000u\000j\000u\000a\000n}{chapter.1}% 15
\BOOKMARK [1][-]{section.1.4}{\376\377\000B\000a\000t\000a\000s\000a\000n\000\040\000M\000a\000s\000a\000l\000a\000h}{chapter.1}% 16
\BOOKMARK [1][-]{section.1.5}{\376\377\000M\000e\000t\000o\000d\000o\000l\000o\000g\000i}{chapter.1}% 17
\BOOKMARK [1][-]{section.1.6}{\376\377\000S\000i\000s\000t\000e\000m\000a\000t\000i\000k\000a\000\040\000P\000e\000n\000u\000l\000i\000s\000a\000n}{chapter.1}% 18
\BOOKMARK [0][-]{chapter.2}{\376\377\000S\000T\000U\000D\000I\000\040\000L\000I\000T\000E\000R\000A\000T\000U\000R}{}% 19
\BOOKMARK [1][-]{section.2.1}{\376\377\000H\000i\000p\000e\000r\000t\000e\000n\000s\000i}{chapter.2}% 20
\BOOKMARK [2][-]{subsection.2.1.1}{\376\377\000K\000l\000a\000s\000i\000f\000i\000k\000a\000s\000i\000\040\000H\000i\000p\000e\000r\000t\000e\000n\000s\000i}{section.2.1}% 21
\BOOKMARK [2][-]{subsection.2.1.2}{\376\377\000F\000a\000k\000t\000o\000r\000\040\000R\000i\000s\000i\000k\000o}{section.2.1}% 22
\BOOKMARK [3][-]{subsubsection.2.1.2.1}{\376\377\000F\000a\000k\000t\000o\000r\000\040\000R\000i\000s\000i\000k\000o\000\040\000T\000i\000d\000a\000k\000\040\000D\000a\000p\000a\000t\000\040\000D\000i\000m\000o\000d\000i\000f\000i\000k\000a\000s\000i}{subsection.2.1.2}% 23
\BOOKMARK [3][-]{subsubsection.2.1.2.2}{\376\377\000F\000a\000k\000t\000o\000r\000\040\000R\000i\000s\000i\000k\000o\000\040\000D\000a\000p\000a\000t\000\040\000D\000i\000m\000o\000d\000i\000f\000i\000k\000a\000s\000i}{subsection.2.1.2}% 24
\BOOKMARK [1][-]{section.2.2}{\376\377\000M\000a\000c\000h\000i\000n\000e\000\040\000L\000e\000a\000r\000n\000i\000n\000g}{chapter.2}% 25
\BOOKMARK [2][-]{subsection.2.2.1}{\376\377\000G\000r\000a\000d\000i\000e\000n\000t\000\040\000B\000o\000o\000s\000t\000i\000n\000g}{section.2.2}% 26
\BOOKMARK [2][-]{subsection.2.2.2}{\376\377\000E\000x\000t\000r\000e\000m\000e\000\040\000G\000r\000a\000d\000i\000e\000n\000t\000\040\000B\000o\000o\000s\000t\000i\000n\000g\000\040\000\050\000X\000G\000B\000o\000o\000s\000t\000\051}{section.2.2}% 27
\BOOKMARK [1][-]{section.2.3}{\376\377\000A\000r\000t\000i\000f\000i\000c\000i\000a\000l\000\040\000I\000n\000t\000e\000l\000l\000i\000g\000e\000n\000c\000e}{chapter.2}% 28
\BOOKMARK [2][-]{subsection.2.3.1}{\376\377\000E\000x\000p\000l\000a\000i\000n\000a\000b\000l\000e\000\040\000A\000r\000t\000i\000f\000i\000c\000i\000a\000l\000\040\000I\000n\000t\000e\000l\000l\000i\000g\000e\000n\000c\000e\000\040\000\050\000X\000A\000I\000\051}{section.2.3}% 29
\BOOKMARK [3][-]{subsubsection.2.3.1.1}{\376\377\000S\000h\000a\000p\000l\000e\000y\000\040\000A\000d\000d\000i\000t\000i\000v\000e\000\040\000E\000x\000p\000l\000a\000n\000a\000t\000i\000o\000n\000s\000\040\000\050\000S\000H\000A\000P\000\051}{subsection.2.3.1}% 30
\BOOKMARK [3][-]{subsubsection.2.3.1.2}{\376\377\000L\000o\000c\000a\000l\000\040\000I\000n\000t\000e\000r\000p\000r\000e\000t\000a\000b\000l\000e\000\040\000M\000o\000d\000e\000l\000-\000a\000g\000n\000o\000s\000t\000i\000c\000\040\000E\000x\000p\000l\000a\000n\000a\000t\000i\000o\000n\000s\000\040\000\050\000L\000I\000M\000E\000\051}{subsection.2.3.1}% 31
\BOOKMARK [3][-]{subsubsection.2.3.1.3}{\376\377\000A\000n\000a\000l\000i\000s\000i\000s\000\040\000K\000o\000m\000p\000a\000r\000a\000t\000i\000f\000\040\000S\000H\000A\000P\000\040\000d\000a\000n\000\040\000L\000I\000M\000E}{subsection.2.3.1}% 32
\BOOKMARK [1][-]{section.2.4}{\376\377\000L\000a\000r\000g\000e\000\040\000L\000a\000n\000g\000u\000a\000g\000e\000\040\000M\000o\000d\000e\000l\000\040\000\050\000L\000L\000M\000\051}{chapter.2}% 33
\BOOKMARK [2][-]{subsection.2.4.1}{\376\377\000V\000e\000c\000t\000o\000r\000\040\000D\000a\000t\000a\000b\000a\000s\000e}{section.2.4}% 34
\BOOKMARK [2][-]{subsection.2.4.2}{\376\377\000K\000e\000t\000e\000r\000b\000a\000t\000a\000s\000a\000n\000\040\000L\000L\000M}{section.2.4}% 35
\BOOKMARK [2][-]{subsection.2.4.3}{\376\377\000M\000e\000n\000g\000a\000t\000a\000s\000i\000\040\000K\000e\000t\000e\000r\000b\000a\000t\000a\000s\000a\000n\000\040\000L\000L\000M}{section.2.4}% 36
\BOOKMARK [1][-]{section.2.5}{\376\377\000R\000e\000t\000r\000i\000e\000v\000a\000l\000-\000A\000u\000g\000m\000e\000n\000t\000e\000d\000\040\000G\000e\000n\000e\000r\000a\000t\000i\000o\000n\000\040\000\050\000R\000A\000G\000\051}{chapter.2}% 37
\BOOKMARK [2][-]{subsection.2.5.1}{\376\377\000K\000a\000p\000a\000b\000i\000l\000i\000t\000a\000s\000\040\000R\000A\000G}{section.2.5}% 38
\BOOKMARK [2][-]{subsection.2.5.2}{\376\377\000L\000i\000m\000i\000t\000a\000s\000i\000\040\000T\000e\000k\000n\000i\000s\000\040\000R\000A\000G}{section.2.5}% 39
\BOOKMARK [2][-]{subsection.2.5.3}{\376\377\000R\000A\000G\000\040\000D\000a\000l\000a\000m\000\040\000D\000o\000m\000a\000i\000n\000\040\000M\000e\000d\000i\000s}{section.2.5}% 40
\BOOKMARK [2][-]{subsection.2.5.4}{\376\377\000R\000e\000t\000r\000i\000e\000v\000a\000l\000\040\000A\000u\000g\000m\000e\000n\000t\000e\000d\000\040\000G\000e\000n\000e\000r\000a\000t\000i\000o\000n\000\040\000A\000s\000s\000e\000s\000s\000m\000e\000n\000t\000\040\000\050\000R\000A\000G\000A\000S\000\051}{section.2.5}% 41
\BOOKMARK [1][-]{section.2.6}{\376\377\000T\000i\000n\000j\000a\000u\000a\000n\000\040\000P\000e\000n\000e\000l\000i\000t\000i\000a\000n\000\040\000S\000e\000b\000e\000l\000u\000m\000n\000y\000a}{chapter.2}% 42
\BOOKMARK [0][-]{chapter.3}{\376\377\000A\000N\000A\000L\000I\000S\000I\000S\000\040\000M\000A\000S\000A\000L\000A\000H}{}% 43
\BOOKMARK [1][-]{section.3.1}{\376\377\000A\000n\000a\000l\000i\000s\000i\000s\000\040\000K\000o\000n\000d\000i\000s\000i\000\040\000S\000a\000a\000t\000\040\000I\000n\000i}{chapter.3}% 44
\BOOKMARK [2][-]{subsection.3.1.1}{\376\377\000K\000e\000s\000e\000n\000j\000a\000n\000g\000a\000n\000\040\000T\000r\000a\000n\000s\000p\000a\000r\000a\000n\000s\000i\000\040\000d\000a\000n\000\040\000K\000e\000p\000e\000r\000c\000a\000y\000a\000a\000n\000\040\000K\000l\000i\000n\000i\000s\000\040\000\050\000T\000r\000u\000s\000t\000\040\000G\000a\000p\000\051}{section.3.1}% 45
\BOOKMARK [2][-]{subsection.3.1.2}{\376\377\000R\000i\000s\000i\000k\000o\000\040\000H\000a\000l\000u\000s\000i\000n\000a\000s\000i\000\040\000d\000a\000n\000\040\000I\000n\000k\000o\000n\000s\000i\000s\000t\000e\000n\000s\000i\000\040\000I\000n\000f\000o\000r\000m\000a\000s\000i\000\040\000M\000e\000d\000i\000s}{section.3.1}% 46
\BOOKMARK [2][-]{subsection.3.1.3}{\376\377\000T\000a\000n\000t\000a\000n\000g\000a\000n\000\040\000K\000o\000m\000p\000l\000e\000k\000s\000i\000t\000a\000s\000\040\000D\000a\000t\000a\000\040\000M\000u\000l\000t\000i\000d\000i\000m\000e\000n\000s\000i}{section.3.1}% 47
\BOOKMARK [2][-]{subsection.3.1.4}{\376\377\000I\000d\000e\000n\000t\000i\000f\000i\000k\000a\000s\000i\000\040\000K\000e\000s\000e\000n\000j\000a\000n\000g\000a\000n\000\040\000\050\000G\000a\000p\000\040\000A\000n\000a\000l\000y\000s\000i\000s\000\051}{section.3.1}% 48
\BOOKMARK [1][-]{section.3.2}{\376\377\000A\000n\000a\000l\000i\000s\000i\000s\000\040\000K\000e\000b\000u\000t\000u\000h\000a\000n}{chapter.3}% 49
\BOOKMARK [2][-]{subsection.3.2.1}{\376\377\000I\000d\000e\000n\000t\000i\000f\000i\000k\000a\000s\000i\000\040\000M\000a\000s\000a\000l\000a\000h\000\040\000P\000e\000n\000g\000g\000u\000n\000a}{section.3.2}% 50
\BOOKMARK [2][-]{subsection.3.2.2}{\376\377\000K\000e\000b\000u\000t\000u\000h\000a\000n\000\040\000F\000u\000n\000g\000s\000i\000o\000n\000a\000l}{section.3.2}% 51
\BOOKMARK [2][-]{subsection.3.2.3}{\376\377\000K\000e\000b\000u\000t\000u\000h\000a\000n\000\040\000N\000o\000n\000f\000u\000n\000g\000s\000i\000o\000n\000a\000l}{section.3.2}% 52
\BOOKMARK [1][-]{section.3.3}{\376\377\000A\000n\000a\000l\000i\000s\000i\000s\000\040\000P\000e\000m\000i\000l\000i\000h\000a\000n\000\040\000S\000o\000l\000u\000s\000i}{chapter.3}% 53
\BOOKMARK [2][-]{subsection.3.3.1}{\376\377\000A\000l\000t\000e\000r\000n\000a\000t\000i\000f\000\040\000S\000o\000l\000u\000s\000i}{section.3.3}% 54
\BOOKMARK [2][-]{subsection.3.3.2}{\376\377\000A\000n\000a\000l\000i\000s\000i\000s\000\040\000P\000e\000n\000e\000n\000t\000u\000a\000n\000\040\000S\000o\000l\000u\000s\000i}{section.3.3}% 55
\BOOKMARK [0][-]{chapter.4}{\376\377\000P\000E\000R\000A\000N\000C\000A\000N\000G\000A\000N}{}% 56
\BOOKMARK [0][-]{chapter.5}{\376\377\000I\000M\000P\000L\000E\000M\000E\000N\000T\000A\000S\000I}{}% 57
\BOOKMARK [0][-]{chapter.6}{\376\377\000E\000V\000A\000L\000U\000A\000S\000I}{}% 58
\BOOKMARK [1][-]{section.6.1}{\376\377\000M\000e\000t\000o\000d\000e\000\040\000E\000v\000a\000l\000u\000a\000s\000i}{chapter.6}% 59
\BOOKMARK [1][-]{section.6.2}{\376\377\000H\000a\000s\000i\000l\000\040\000E\000v\000a\000l\000u\000a\000s\000i}{chapter.6}% 60
\BOOKMARK [1][-]{section.6.3}{\376\377\000P\000e\000m\000b\000a\000h\000a\000s\000a\000n\000\040\000H\000a\000s\000i\000l\000\040\000E\000v\000a\000l\000u\000a\000s\000i}{chapter.6}% 61
\BOOKMARK [1][-]{section.6.4}{\376\377\000E\000v\000a\000l\000u\000a\000s\000i\000\040\000K\000e\000s\000a\000l\000a\000h\000a\000n\000\040\000P\000e\000n\000u\000l\000i\000s\000a\000n\000\040\000y\000a\000n\000g\000\040\000S\000e\000r\000i\000n\000g\000\040\000T\000e\000r\000j\000a\000d\000i}{chapter.6}% 62
\BOOKMARK [2][-]{subsection.6.4.1}{\376\377\000P\000e\000n\000g\000g\000u\000n\000a\000a\000n\000\040\000K\000a\000t\000a\000\040\000"\000d\000i\000\040\000m\000a\000n\000a\000"\000\040\000a\000t\000a\000u\000\040\000"\000d\000i\000m\000a\000n\000a\000"}{section.6.4}% 63
\BOOKMARK [2][-]{subsection.6.4.2}{\376\377\000P\000e\000n\000g\000g\000u\000n\000a\000a\000n\000\040\000K\000a\000t\000a\000\040\000"\000s\000e\000d\000a\000n\000g\000k\000a\000n\000"\000\040\000d\000a\000n\000\040\000"\000s\000e\000h\000i\000n\000g\000g\000a\000"}{section.6.4}% 64
\BOOKMARK [2][-]{subsection.6.4.3}{\376\377\000P\000e\000n\000g\000g\000u\000n\000a\000a\000n\000\040\000I\000s\000t\000i\000l\000a\000h\000\040\000y\000a\000n\000g\000\040\000T\000i\000d\000a\000k\000\040\000B\000a\000k\000u}{section.6.4}% 65
\BOOKMARK [2][-]{subsection.6.4.4}{\376\377\000P\000e\000m\000i\000s\000a\000h\000\040\000D\000e\000s\000i\000m\000a\000l\000\040\000d\000a\000n\000\040\000R\000i\000b\000u\000a\000n}{section.6.4}% 66
\BOOKMARK [2][-]{subsection.6.4.5}{\376\377\000D\000a\000f\000t\000a\000r\000\040\000a\000t\000a\000u\000\040\000L\000i\000s\000t}{section.6.4}% 67
\BOOKMARK [2][-]{subsection.6.4.6}{\376\377\000P\000e\000n\000g\000g\000u\000n\000a\000a\000n\000\040\000K\000a\000t\000a\000\040\000"\000m\000a\000s\000i\000n\000g\000-\000m\000a\000s\000i\000n\000g\000"\000\040\000d\000a\000n\000\040\000"\000s\000e\000t\000i\000a\000p\000"}{section.6.4}% 68
\BOOKMARK [0][-]{chapter.7}{\376\377\000P\000E\000N\000U\000T\000U\000P}{}% 69
\BOOKMARK [1][-]{section.7.1}{\376\377\000K\000e\000s\000i\000m\000p\000u\000l\000a\000n}{chapter.7}% 70
\BOOKMARK [1][-]{section.7.2}{\376\377\000S\000a\000r\000a\000n}{chapter.7}% 71
\BOOKMARK [0][-]{appendix.1.A}{\376\377\000L\000a\000m\000p\000i\000r\000a\000n\000\040\000S\000O\000U\000R\000C\000E\000\040\000C\000O\000D\000E}{}% 72
\BOOKMARK [1][-]{section.1.A.1}{\376\377\000P\000e\000r\000a\000n\000g\000k\000a\000t\000\040\000L\000u\000n\000a\000k\000\040\000u\000n\000t\000u\000k\000\040\000A\000k\000u\000i\000s\000i\000s\000i\000\040\000D\000a\000t\000a\000\040\000d\000a\000r\000i\000\040\000S\000e\000n\000s\000o\000r\000\040\000U\000l\000t\000r\000a\000s\000o\000n\000i\000k}{appendix.1.A}% 73
\BOOKMARK [1][-]{section.1.A.2}{\376\377\000P\000e\000r\000a\000n\000g\000k\000a\000t\000\040\000L\000u\000n\000a\000k\000\040\000u\000n\000t\000u\000k\000\040\000P\000e\000n\000g\000o\000l\000a\000h\000a\000n\000\040\000D\000a\000t\000a\000\040\000A\000k\000u\000i\000s\000i\000s\000i\000\040\000d\000a\000n\000\040\000V\000i\000s\000u\000a\000l\000i\000s\000a\000s\000i\000\040\000H\000a\000s\000i\000l\000\040\000P\000e\000n\000g\000u\000k\000u\000r\000a\000n\000\040\000J\000a\000r\000a\000k}{appendix.1.A}% 74
\BOOKMARK [0][-]{appendix.1.B}{\376\377\000L\000a\000m\000p\000i\000r\000a\000n\000\040\000H\000A\000S\000I\000L\000\040\000S\000U\000R\000V\000E\000I\000\040\000L\000A\000P\000A\000N\000G\000A\000N}{}% 75
\BOOKMARK [1][-]{section.1.B.1}{\376\377\000F\000o\000t\000o\000\040\000S\000u\000r\000v\000e\000i\000\040\000L\000o\000k\000a\000s\000i\000\040\0001}{appendix.1.B}% 76
\BOOKMARK [1][-]{section.1.B.2}{\376\377\000F\000o\000t\000o\000\040\000S\000u\000r\000v\000e\000i\000\040\000L\000o\000k\000a\000s\000i\000\040\0002}{appendix.1.B}% 77
\BOOKMARK [1][-]{section.1.B.3}{\376\377\000T\000r\000a\000n\000s\000k\000r\000i\000p\000\040\000W\000a\000w\000a\000n\000c\000a\000r\000a\000\040\000d\000e\000n\000g\000a\000n\000\040\000N\000a\000r\000a\000s\000u\000m\000b\000e\000r}{appendix.1.B}% 78
